[www.rbxflip.com/coinflip.html]
[backblue.gif]
[fade.gif]
[index.html]
[www.rbxflip.com/_next/static/css/4e1b35b9e3dde08042d3.css]
[www.rbxflip.com/_next/static/css/4c579531d3b2bd5c228f.css]
[www.rbxflip.com/_next/static/chunks/polyfills-e7a279300235e161e32a.js]
[www.rbxflip.com/_next/static/chunks/webpack-1ba91d70ab4154fd734f.js]
[www.rbxflip.com/_next/static/chunks/framework-4096ede5d5f45af524fb.js]
[www.rbxflip.com/_next/static/chunks/main-5880b1d57202aca5456a.js]
[www.rbxflip.com/_next/static/chunks/pages/_app-2d70a4557943eae87e9c.js]
[www.rbxflip.com/_next/static/chunks/547-54dbff8ef01a9b96a79b.js]
[www.rbxflip.com/_next/static/chunks/pages/coinflip-242edaa49aee953496c0.js]
[www.rbxflip.com/_next/static/m1pKoS4oGkCBY-58JB3zj/_buildManifest.js]
[www.rbxflip.com/_next/static/m1pKoS4oGkCBY-58JB3zj/_ssgManifest.js]
[www.rbxflip.com/images/Logo.png]
[www.rbxflip.com/jackpot.html]
[www.rbxflip.com/coinflip.html]
[www.rbxflip.com/rps.html]
[www.rbxflip.com/_next/static/media/rbxflip.2c7904f57fac45480643b477acfd540b.eot]
[www.rbxflip.com/_next/static/media/rbxflip.cba1b5b856e86a49ffa07392c342c6ca.ttf]
[www.rbxflip.com/_next/static/media/rbxflip.5ffd7e2f0c9d20acb0320e91ee1954d5.woff]
[www.rbxflip.com/_next/static/css/4e1b35b9e3dde08042d3.css]
[www.rbxflip.com/_next/static/css/4c579531d3b2bd5c228f.css]
[www.rbxflip.com/_next/static/media/rbxflip.c0696575768e5d35c11111ca416d0c1f.svg]
[www.rbxflip.com/_next/static/css/5a0a7885ac341c090140.css]
[www.rbxflip.com/_next/static/chunks/4a3ea9cd-3a74e7e4e4f286e595fd.js]
[www.rbxflip.com/_next/static/chunks/75fc9c18-84e7ab66c7989b7a8b6f.js]
[www.rbxflip.com/_next/static/chunks/799-168cc907a17131723fe3.js]
[www.rbxflip.com/_next/static/chunks/pages/jackpot-ed5b0c2dc9742056d770.js]
[www.rbxflip.com/images/triangle.svg]
[www.rbxflip.com/jackpot.html]
[www.rbxflip.com/_next/static/css/bf8a1e6ae4471b23704e.css]
[www.rbxflip.com/_next/static/chunks/pages/rps-d971e03fbb1aa87e1811.js]
[www.rbxflip.com/rps.html]
[www.rbxflip.com/_next/static/media/rbxflip.c0696575768e5d35c11111ca416d0c1f.svg]
[www.rbxflip.com/_next/static/css/5a0a7885ac341c090140.css]
[www.rbxflip.com/images/triangle.svg]
[www.rbxflip.com/_next/static/css/bf8a1e6ae4471b23704e.css]
